*DSSAT Cropping System Model Ver. 4.7.5.030   -develop    APR 02, 2024; 10:03:00

 Unit  Filename
  501  OPCLR
   21  FILEIO
   25  DSPRO
   11  FILEW
  115  OUTINFO
  502  SIMCDE
   22  DTACDE
  119  WARNING.OUT
  503  RUNLST
   93  OUTO
   10  FILEC
   39  OUTG
   40  OUTPN
  504  OUTS
   89  SEVAL
  505  FILECO2
   52  OUTWTH
  506  FILEF
   13  FILESS
  104  SoilNoBal.OUT
  101  SoilNBalSum.OUT
   64  N2O.OUT   
  103  SoilNiBal.OUT
   43  SoilNi.OUT
   55  Mulch.OUT
  108  SWBAL
   48  OUTWAT
   47  OUTT
   32  OUTET
    8  FILEA
